.......                                                                  [100%]
7 passed in 0.17s
